../APP/Src/app_callbackes.c:19:6:App_Callbacks_Init	8	static
../APP/Src/app_callbackes.c:31:6:HAL_UART_RxCpltCallback	16	static
../APP/Src/app_callbackes.c:40:6:HAL_UART_ErrorCallback	16	static
../APP/Src/app_callbackes.c:47:6:HAL_SPI_TxRxCpltCallback	16	static
../APP/Src/app_callbackes.c:56:6:HAL_SPI_ErrorCallback	16	static
../APP/Src/app_callbackes.c:63:6:HAL_I2C_SlaveRxCpltCallback	16	static
../APP/Src/app_callbackes.c:70:6:HAL_I2C_SlaveTxCpltCallback	16	static
../APP/Src/app_callbackes.c:77:6:HAL_I2C_ErrorCallback	16	static
